â””â”€â”€â”€â”€â”´â”€â”€â”€â”€â”€â”€â”€â”€â”€â”€â”€â”€â”´â”€â”€â”€â”€â”€â”€â”€â”€â”€â”€â”€â”€â”€â”´â”€â”€â”€â”€â”€â”€â”€â”€â”€â”´â”€â”€â”€â”€â”€â”€â”€â”€â”€â”´â”€â”€â”€â”€â”€â”€â”€â”€â”€â”€â”´â”€â”€â”€â”€â”€â”€â”€â”€â”´â”€â”€â”€â”€â”€â”€â”´â”€â”€â”€â”€â”€â”€â”€â”€â”€â”€â”€â”´â”€â”€â”€â”€â”€â”€â”€â”€â”€â”€â”´â”€â”€â”€â”€â”€â”€â”€â”€â”€â”€â”´â”€â”€â”€â”€â”€â”€â”€â”€â”€â”€â”´â”€â”€â”€â”€â”€â”€â”€â”€â”€â”€â”˜
âœ… All broken CSS removed - relying on Tailwind config with 1600px container!
[root@wizardly-swirles NaviMed]# echo "y" | head -680 client/src/index.css.broken > client/src/index.css
[root@wizardly-swirles NaviMed]# 
[root@wizardly-swirles NaviMed]# # Verify the file is clean
[root@wizardly-swirles NaviMed]# echo "=== Verifying CSS is clean ==="
=== Verifying CSS is clean ===
[root@wizardly-swirles NaviMed]# tail -20 client/src/index.css
  }
@media (min-width: 1280px) {
  .layout-wide {
    padding-left: 3rem;
    padding-right: 3rem;
  }
.layout-container {
  max-width: 1600px;
  margin-left: auto;
  margin-right: auto;
  padding-left: 1rem;
  padding-right: 1rem;
@media (min-width: 768px) {
  .layout-container {
    padding-left: 1.5rem;
    padding-right: 1.5rem;
  }
@media (min-width: 1024px) {
  .layout-container {
    padding-left: 2rem;
[root@wizardly-swirles NaviMed]# 
[root@wizardly-swirles NaviMed]# # Build with CLEAN CSS
[root@wizardly-swirles NaviMed]# npm run build 2>&1 | grep -i "syntax-error" && echo "âŒ STILL BROKEN" || echo "âœ… CSS CLEAN!"
â–² [WARNING] Expected "}" to go with "{" [css-syntax-error]
âŒ STILL BROKEN
[root@wizardly-swirles NaviMed]# 
[root@wizardly-swirles NaviMed]# bash post-build.sh
ğŸ“¦ Syncing built assets from dist/public to server/public...
âœ… Assets synced successfully with rsync!
   dist/public â†’ server/public
   21 files synced
[root@wizardly-swirles NaviMed]# pm2 restart navimed
Use --update-env to update environment variables
[PM2] Applying action restartProcessId on app [navimed](ids: [ 0 ])
[PM2] [navimed](0) âœ“
â”Œâ”€â”€â”€â”€â”¬â”€â”€â”€â”€â”€â”€â”€â”€â”€â”€â”€â”€â”¬â”€â”€â”€â”€â”€â”€â”€â”€â”€â”€â”€â”€â”€â”¬â”€â”€â”€â”€â”€â”€â”€â”€â”€â”¬â”€â”€â”€â”€â”€â”€â”€â”€â”€â”¬â”€â”€â”€â”€â”€â”€â”€â”€â”€â”€â”¬â”€â”€â”€â”€â”€â”€â”€â”€â”¬â”€â”€â”€â”€â”€â”€â”¬â”€â”€â”€â”€â”€â”€â”€â”€â”€â”€â”€â”¬â”€â”€â”€â”€â”€â”€â”€â”€â”€â”€â”¬â”€â”€â”€â”€â”€â”€â”€â”€â”€â”€â”¬â”€â”€â”€â”€â”€â”€â”€â”€â”€â”€â”¬â”€â”€â”€â”€â”€â”€â”€â”€â”€â”€â”
â”‚ id â”‚ name       â”‚ namespace   â”‚ version â”‚ mode    â”‚ pid      â”‚ uptime â”‚ â†º    â”‚ status    â”‚ cpu      â”‚ mem      â”‚ user     â”‚ watching â”‚
â”œâ”€â”€â”€â”€â”¼â”€â”€â”€â”€â”€â”€â”€â”€â”€â”€â”€â”€â”¼â”€â”€â”€â”€â”€â”€â”€â”€â”€â”€â”€â”€â”€â”¼â”€â”€â”€â”€â”€â”€â”€â”€â”€â”¼â”€â”€â”€â”€â”€â”€â”€â”€â”€â”¼â”€â”€â”€â”€â”€â”€â”€â”€â”€â”€â”¼â”€â”€â”€â”€â”€â”€â”€â”€â”¼â”€â”€â”€â”€â”€â”€â”¼â”€â”€â”€â”€â”€â”€â”€â”€â”€â”€â”€â”¼â”€â”€â”€â”€â”€â”€â”€â”€â”€â”€â”¼â”€â”€â”€â”€â”€â”€â”€â”€â”€â”€â”¼â”€â”€â”€â”€â”€â”€â”€â”€â”€â”€â”¼â”€â”€â”€â”€â”€â”€â”€â”€â”€â”€â”¤
â”‚ 0  â”‚ navimed    â”‚ default     â”‚ 1.0.0   â”‚ fork    â”‚ 1918095  â”‚ 0s     â”‚ 33   â”‚ online    â”‚ 0%       â”‚ 17.4mb   â”‚ root     â”‚ disabled â”‚
â””â”€â”€â”€â”€â”´â”€â”€â”€â”€â”€â”€â”€â”€â”€â”€â”€â”€â”´â”€â”€â”€â”€â”€â”€â”€â”€â”€â”€â”€â”€â”€â”´â”€â”€â”€â”€â”€â”€â”€â”€â”€â”´â”€â”€â”€â”€â”€â”€â”€â”€â”€â”´â”€â”€â”€â”€â”€â”€â”€â”€â”€â”€â”´â”€â”€â”€â”€â”€â”€â”€â”€â”´â”€â”€â”€â”€â”€â”€â”´â”€â”€â”€â”€â”€â”€â”€â”€â”€â”€â”€â”´â”€â”€â”€â”€â”€â”€â”€â”€â”€â”€â”´â”€â”€â”€â”€â”€â”€â”€â”€â”€â”€â”´â”€â”€â”€â”€â”€â”€â”€â”€â”€â”€â”´â”€â”€â”€â”€â”€â”€â”€â”€â”€â”€â”˜
[root@wizardly-swirles NaviMed]# 
[root@wizardly-swirles NaviMed]# echo "âœ… All broken CSS removed - container width now 1600px from Tailwind config!"
âœ… All broken CSS removed - container width now 1600px from Tailwind config!
[root@wizardly-swirles NaviMed]# cd /var/www/vhosts/navimedi.org/httpdocs/NaviMed

# 1. Find where the layout-wide and layout-container classes start (these are our broken additions)
echo "=== Finding where broken CSS starts ==="
grep -n "layout-wide\|layout-container" client/src/index.css | head -1

# 2. Get the line number and cut BEFORE it
BROKEN_LINE=$(grep -n "layout-wide\|layout-container" client/src/index.css | head -1 | cut -d: -f1)
CLEAN_LINE=$((BROKEN_LINE - 1))
echo "Cutting at line: $CLEAN_LINE"

# 3. Keep only the clean part
head -n $CLEAN_LINE client/src/index.css.broken > client/src/index.css

# 4. Verify it's clean
echo -e "\n=== Last 10 lines of clean CSS ==="
tail -10 client/src/index.css

# 5. Rebuild
npm run build 2>&1 | grep -i "syntax-error" && echo "âŒ STILL BROKEN" || echo "âœ… FINALLY CLEAN!"

bash post-build.sh
pm2 restart navimed

echo "âœ… CSS cleaned - now using Tailwind's 1600px container from config!"
=== Finding where broken CSS starts ===
120:  .layout-wide {
Cutting at line: 119

=== Last 10 lines of clean CSS ===
    background-color: hsl(var(--warning-amber));
    color: hsl(var(--warning-amber-foreground));
  }

  .error-red {
    background-color: hsl(var(--error-red));
    color: hsl(var(--error-red-foreground));
  }

  /* Layout utilities */
â–² [WARNING] Expected "}" to go with "{" [css-syntax-error]
âŒ STILL BROKEN
ğŸ“¦ Syncing built assets from dist/public to server/public...
âœ… Assets synced successfully with rsync!
   dist/public â†’ server/public
   21 files synced
Use --update-env to update environment variables
[PM2] Applying action restartProcessId on app [navimed](ids: [ 0 ])
[PM2] [navimed](0) âœ“
â”Œâ”€â”€â”€â”€â”¬â”€â”€â”€â”€â”€â”€â”€â”€â”€â”€â”€â”€â”¬â”€â”€â”€â”€â”€â”€â”€â”€â”€â”€â”€â”€â”€â”¬â”€â”€â”€â”€â”€â”€â”€â”€â”€â”¬â”€â”€â”€â”€â”€â”€â”€â”€â”€â”¬â”€â”€â”€â”€â”€â”€â”€â”€â”€â”€â”¬â”€â”€â”€â”€â”€â”€â”€â”€â”¬â”€â”€â”€â”€â”€â”€â”¬â”€â”€â”€â”€â”€â”€â”€â”€â”€â”€â”€â”¬â”€â”€â”€â”€â”€â”€â”€â”€â”€â”€â”¬â”€â”€â”€â”€â”€â”€â”€â”€â”€â”€â”¬â”€â”€â”€â”€â”€â”€â”€â”€â”€â”€â”¬â”€â”€â”€â”€â”€â”€â”€â”€â”€â”€â”
â”‚ id â”‚ name       â”‚ namespace   â”‚ version â”‚ mode    â”‚ pid      â”‚ uptime â”‚ â†º    â”‚ status    â”‚ cpu      â”‚ mem      â”‚ user     â”‚ watching â”‚
â”œâ”€â”€â”€â”€â”¼â”€â”€â”€â”€â”€â”€â”€â”€â”€â”€â”€â”€â”¼â”€â”€â”€â”€â”€â”€â”€â”€â”€â”€â”€â”€â”€â”¼â”€â”€â”€â”€â”€â”€â”€â”€â”€â”¼â”€â”€â”€â”€â”€â”€â”€â”€â”€â”¼â”€â”€â”€â”€â”€â”€â”€â”€â”€â”€â”¼â”€â”€â”€â”€â”€â”€â”€â”€â”¼â”€â”€â”€â”€â”€â”€â”¼â”€â”€â”€â”€â”€â”€â”€â”€â”€â”€â”€â”¼â”€â”€â”€â”€â”€â”€â”€â”€â”€â”€â”¼â”€â”€â”€â”€â”€â”€â”€â”€â”€â”€â”¼â”€â”€â”€â”€â”€â”€â”€â”€â”€â”€â”¼â”€â”€â”€â”€â”€â”€â”€â”€â”€â”€â”¤
â”‚ 0  â”‚ navimed    â”‚ default     â”‚ 1.0.0   â”‚ fork    â”‚ 1918330  â”‚ 0s     â”‚ 34   â”‚ online    â”‚ 0%       â”‚ 17.6mb   â”‚ root     â”‚ disabled â”‚
â””â”€â”€â”€â”€â”´â”€â”€â”€â”€â”€â”€â”€â”€â”€â”€â”€â”€â”´â”€â”€â”€â”€â”€â”€â”€â”€â”€â”€â”€â”€â”€â”´â”€â”€â”€â”€â”€â”€â”€â”€â”€â”´â”€â”€â”€â”€â”€â”€â”€â”€â”€â”´â”€â”€â”€â”€â”€â”€â”€â”€â”€â”€â”´â”€â”€â”€â”€â”€â”€â”€â”€â”´â”€â”€â”€â”€â”€â”€â”´â”€â”€â”€â”€â”€â”€â”€â”€â”€â”€â”€â”´â”€â”€â”€â”€â”€â”€â”€â”€â”€â”€â”´â”€â”€â”€â”€â”€â”€â”€â”€â”€â”€â”´â”€â”€â”€â”€â”€â”€â”€â”€â”€â”€â”´â”€â”€â”€â”€â”€â”€â”€â”€â”€â”€â”˜
âœ… CSS cleaned - now using Tailwind's 1600px container from config!
[root@wizardly-swirles NaviMed]# 